delgadonoriega-macbookpro2% pwd
/Users/delgadonoriega/Documents/Matcha
delgadonoriega-macbookpro2% git init
Initialized empty Git repository in /Users/delgadonoriega/Documents/Matcha/.git/
delgadonoriega-macbookpro2% git status
On branch main

No commits yet

Untracked files:
  (use "git add <file>..." to include in what will be committed)
        .DS_Store
        capterra.png
        index.html
        style.css

nothing added to commit but untracked files present (use "git add" to track)
delgadonoriega-macbookpro2% git add .
delgadonoriega-macbookpro2% git status
On branch main

No commits yet

Changes to be committed:
  (use "git rm --cached <file>..." to unstage)
        new file:   .DS_Store
        new file:   capterra.png
        new file:   index.html
        new file:   style.css

delgadonoriega-macbookpro2% git commit -m "Este es mi primer commit de modulo"
[main (root-commit) c675ce4] Este es mi primer commit de modulo
 4 files changed, 61 insertions(+)
 create mode 100644 .DS_Store
 create mode 100644 capterra.png
 create mode 100644 index.html
 create mode 100644 style.css
delgadonoriega-macbookpro2% git remote add origin https://github.com/Javier009/Matcha.git
delgadonoriega-macbookpro2% git branch -M main
delgadonoriega-macbookpro2% git branch -M master
delgadonoriega-macbookpro2% git push -u origin main
error: src refspec main does not match any
error: failed to push some refs to 'https://github.com/Javier009/Matcha.git'
delgadonoriega-macbookpro2% git branch -M main
delgadonoriega-macbookpro2% git status
On branch main
nothing to commit, working tree clean
delgadonoriega-macbookpro2% git log
commit c675ce4a5f19d0f5f773620d3ef01a899f33c75b (HEAD -> main)
Author: javier009 <jdelnor09@gmail.com>
Date:   Thu Sep 30 21:42:33 2021 -0500

    Este es mi primer commit de modulo
delgadonoriega-macbookpro2% git branch  
* main
delgadonoriega-macbookpro2% git push -u origin main 
Enumerating objects: 6, done.
Counting objects: 100% (6/6), done.
Delta compression using up to 12 threads
Compressing objects: 100% (6/6), done.
Writing objects: 100% (6/6), 10.89 KiB | 5.44 MiB/s, done.
Total 6 (delta 0), reused 0 (delta 0), pack-reused 0
To https://github.com/Javier009/Matcha.git
 * [new branch]      main -> main
Branch 'main' set up to track remote branch 'main' from 'origin'.
delgadonoriega-macbookpro2% pwd
/Users/delgadonoriega/Documents/Matcha
delgadonoriega-macbookpro2% git status
On branch main
Your branch is up to date with 'origin/main'.

Changes not staged for commit:
  (use "git add <file>..." to update what will be committed)
  (use "git restore <file>..." to discard changes in working directory)
        modified:   index.html

no changes added to commit (use "git add" and/or "git commit -a")
delgadonoriega-macbookpro2% git add .
delgadonoriega-macbookpro2% git status
On branch main
Your branch is up to date with 'origin/main'.

Changes to be committed:
  (use "git restore --staged <file>..." to unstage)
        modified:   index.html

delgadonoriega-macbookpro2% git commit -m "changed done"
[main 9d3a01f] changed done
 1 file changed, 69 insertions(+), 2 deletions(-)
delgadonoriega-macbookpro2% git status
On branch main
Your branch is ahead of 'origin/main' by 1 commit.
  (use "git push" to publish your local commits)

nothing to commit, working tree clean
delgadonoriega-macbookpro2% git log
commit 9d3a01ff1cedddeb1e6106574aab05ac7b858aee (HEAD -> main)
Author: javier009 <jdelnor09@gmail.com>
Date:   Fri Oct 1 19:41:05 2021 -0500

    changed done

commit c675ce4a5f19d0f5f773620d3ef01a899f33c75b (origin/main)
Author: javier009 <jdelnor09@gmail.com>
Date:   Thu Sep 30 21:42:33 2021 -0500

    Este es mi primer commit de modulo
delgadonoriega-macbookpro2% git push origin main 
Enumerating objects: 5, done.
Counting objects: 100% (5/5), done.
Delta compression using up to 12 threads
Compressing objects: 100% (3/3), done.
Writing objects: 100% (3/3), 1.58 KiB | 1.58 MiB/s, done.
Total 3 (delta 1), reused 0 (delta 0), pack-reused 0
remote: Resolving deltas: 100% (1/1), completed with 1 local object.
To https://github.com/Javier009/Matcha.git
   c675ce4..9d3a01f  main -> main
delgadonoriega-macbookpro2% 